// Jest Snapshot v1, https://goo.gl/fbAQLP

exports[`oo should analyze fixtures 1`] = `
"## FooPage

> element defined in foo-page.html)

A custom element with **properties** and **methods**.

\`\`\`html
<foo-page></foo-page>
\`\`\`

## Foo.Mixin

> mixin defined in foo-mixin.html)

A custom element class mixin that provides a collection of utility methods.
"
`;
